
> frontend@0.1.0 build
> next build

node.exe : ΓÜá 
Warning: Next.js 
inferred your 
workspace root, 
but it may not be 
correct.
At line:1 char:1
+ & "C:\Program Fil
es\nodejs/node.exe"
 "C:\Program Files\
nodejs/node_mo ...
+ ~~~~~~~~~~~~~~~~~
~~~~~~~~~~~~~~~~~~~
~~~~~~~~~~~~~~~~~~~
~~~~~~~~~~~~~~
    + CategoryInfo 
             : No  
  tSpecified: (Γ   
 Üá Warning: Ne    
...not be corr    
ect.:String) [    
], RemoteExcep    
tion
    + FullyQualifi 
   edErrorId : Na  
  tiveCommandErr   
 or
 
 We detected 
multiple lockfiles 
and selected the 
directory of D:\Pro
jects\2026\PolicWis
e-AI-System\policyw
ise-ai\package-lock
.json as the root 
directory.
 To silence this 
warning, set 
`turbopack.root` 
in your Next.js 
config, or 
consider removing 
one of the 
lockfiles if it's 
not needed.
   See https://next
js.org/docs/app/api
-reference/config/n
ext-config-js/turbo
pack#root-directory
 for more 
information.
 Detected 
additional 
lockfiles: 
   * D:\Projects\20
26\PolicWise-AI-Sys
tem\policywise-ai\f
rontend\package-loc
k.json

Γû▓ Next.js 16.1.6 (Turbopack)
- Environments: .env.local

  Creating an optimized production build ...
Error: Cannot 
apply unknown 
utility class 
`border-border`
    [2m[at 
onInvalidCandidate 
(D:\Projects\2026\P
olicWise-AI-System\
policywise-ai\front
end\node_modules\ta
ilwindcss\dist\lib.
js:21:1511)][0m
    [2m[at Ee (D:\
Projects\2026\Polic
Wise-AI-System\poli
cywise-ai\frontend\
node_modules\tailwi
ndcss\dist\lib.js:1
6:37066)][0m
    [2m[at D:\Proj
ects\2026\PolicWise
-AI-System\policywi
se-ai\frontend\node
_modules\tailwindcs
s\dist\lib.js:21:35
5][0m
    [2m[at Pr (D:\
Projects\2026\Polic
Wise-AI-System\poli
cywise-ai\frontend\
node_modules\tailwi
ndcss\dist\lib.js:3
:1733)][0m
    [2m[at _ (D:\P
rojects\2026\PolicW
ise-AI-System\polic
ywise-ai\frontend\n
ode_modules\tailwin
dcss\dist\lib.js:3:
1377)][0m
    [2m[at Te (D:\
Projects\2026\Polic
Wise-AI-System\poli
cywise-ai\frontend\
node_modules\tailwi
ndcss\dist\lib.js:2
1:172)][0m
    [2m[at pn (D:\
Projects\2026\Polic
Wise-AI-System\poli
cywise-ai\frontend\
node_modules\tailwi
ndcss\dist\lib.js:3
8:294)][0m
    [2m[at async 
dn (D:\Projects\202
6\PolicWise-AI-Syst
em\policywise-ai\fr
ontend\node_modules
\tailwindcss\dist\l
ib.js:38:631)][0m
    [2m[at async 
Xr (D:\Projects\202
6\PolicWise-AI-Syst
em\policywise-ai\fr
ontend\node_modules
\@tailwindcss\node\
dist\index.js:10:34
17)][0m
    [2m[at async 
N (D:\Projects\2026
\PolicWise-AI-Syste
m\policywise-ai\fro
ntend\node_modules\
@tailwindcss\postcs
s\dist\index.js:10:
3979)][0m

> Build error 
occurred
Error: Turbopack 
build failed with 
1 errors:
./frontend/src/app/
globals.css
Error evaluating 
Node.js code
CssSyntaxError: 
tailwindcss: D:\Pro
jects\2026\PolicWis
e-AI-System\policyw
ise-ai\frontend\src
\app\globals.css:1:
1: Cannot apply 
unknown utility 
class 
`border-border`
    at Input.error 
(frontend/node_modu
les/postcss/lib/inp
ut.js:135:16) [D:\P
rojects\2026\PolicW
ise-AI-System\polic
ywise-ai\frontend\.
next\build\chunks\9
e883_174fdf60._.js:
4651:22]
    at Root.error (
frontend/node_modul
es/postcss/lib/node
.js:146:32) [D:\Pro
jects\2026\PolicWis
e-AI-System\policyw
ise-ai\frontend\.ne
xt\build\chunks\9e8
83_174fdf60._.js:92
8:38]
    [at 
Object.Once (D:\Pro
jects\2026\PolicWis
e-AI-System\policyw
ise-ai\frontend\nod
e_modules\@tailwind
css\postcss\dist\in
dex.js:10:6913)]
    at async LazyRe
sult.runAsync (fron
tend/node_modules/p
ostcss/lib/lazy-res
ult.js:293:11) [D:\
Projects\2026\Polic
Wise-AI-System\poli
cywise-ai\frontend\
.next\build\chunks\
9e883_174fdf60._.js
:6214:21]
    at async 
transform (turbopac
k:///[turbopack-nod
e]/transforms/postc
ss.ts:70:34) [D:\Pr
ojects\2026\PolicWi
se-AI-System\policy
wise-ai\frontend\.n
ext\build\chunks\[r
oot-of-the-server]_
_188e9cb8._.js:146:
36]
    at async run (t
urbopack:///[turbop
ack-node]/ipc/evalu
ate.ts:92:23) [D:\P
rojects\2026\PolicW
ise-AI-System\polic
ywise-ai\frontend\.
next\build\chunks\[
root-of-the-server]
__3b54a99d._.js:443
:31]

Import trace:
  Client Component 
Browser:
    ./frontend/src/
app/globals.css 
[Client Component 
Browser]
    ./frontend/src/
app/layout.tsx 
[Server Component]


    at async 
transform (turbopac
k:///[turbopack-nod
e]/transforms/postc
ss.ts:70:34) [D:\Pr
ojects\2026\PolicWi
se-AI-System\policy
wise-ai\frontend\.n
ext\build\chunks\[r
oot-of-the-server]_
_188e9cb8._.js:146:
36])
    at async run (t
urbopack:///[turbop
ack-node]/ipc/evalu
ate.ts:92:23) [D:\P
rojects\2026\PolicW
ise-AI-System\polic
ywise-ai\frontend\.
next\build\chunks\[
root-of-the-server]
__3b54a99d._.js:443
:31])
